// Jest Snapshot v1, https://goo.gl/fbAQLP

exports[`renders correctly 1`] = `
<div
  className="auth"
>
  <div
    className="card"
  >
    <h2>
      You are not authenticated!
    </h2>
    <p>
      Please log in to continue.
    </p>
    <button
      onClick={[Function]}
    >
      Log In
    </button>
  </div>
</div>
`;

exports[`renders correctly with AuthContextProvider 1`] = `
<div
  className="auth"
>
  <div
    className="card"
  >
    <h2>
      You are not authenticated!
    </h2>
    <p>
      Please log in to continue.
    </p>
    <button
      onClick={[Function]}
    >
      Log In
    </button>
  </div>
</div>
`;
